<?php return array (
  0 => 'Symfony\\Bundle\\FrameworkBundle\\Controller\\AbstractController',
  1 => 'App\\Controller\\CampaniasController',
  2 => 'App\\Controller\\CategoriesController',
  3 => 'App\\Controller\\ClientsController',
  4 => 'App\\Controller\\CompetencyController',
  5 => 'App\\Controller\\FacturacionDatosController',
  6 => 'App\\Controller\\FaqController',
  7 => 'App\\Controller\\HomeController',
  8 => 'App\\Controller\\SecurityController',
  9 => 'App\\Controller\\SuperUsersController',
  10 => 'App\\Controller\\UsersBookiesController',
  11 => 'App\\Controller\\UsersController',
  12 => 'App\\Entity\\Ggms\\ApiConnections',
  13 => 'App\\Entity\\Ggms\\Campanias',
  14 => 'App\\Entity\\Ggms\\CampaniasBonos',
  15 => 'App\\Entity\\Ggms\\CampaniasCodes',
  16 => 'App\\Entity\\Ggms\\CampaniasEnlaces',
  17 => 'App\\Entity\\Ggms\\CampaniasEnlacesPosicion',
  18 => 'App\\Entity\\Ggms\\CampaniasOld',
  19 => 'App\\Entity\\Ggms\\CampaniasUsuario',
  20 => 'App\\Entity\\Ggms\\CampaniasUsuarioClicks',
  21 => 'App\\Entity\\Ggms\\Casas',
  22 => 'App\\Entity\\Ggms\\CasasAcuerdos',
  23 => 'App\\Entity\\Ggms\\CasasAcuerdosOld',
  24 => 'App\\Entity\\Ggms\\CasasDeApuestasAcuerdosBack',
  25 => 'App\\Entity\\Ggms\\CasasDeApuestasBack',
  26 => 'App\\Entity\\Ggms\\CasasOld',
  27 => 'App\\Entity\\Ggms\\Categorias',
  28 => 'App\\Entity\\Ggms\\Faqs',
  29 => 'App\\Entity\\Ggms\\Noticias',
  30 => 'App\\Entity\\Ggms\\Paises',
  31 => 'App\\Entity\\Ggms\\Proyectos',
  32 => 'App\\Entity\\Ggms\\Responsables',
  33 => 'App\\Entity\\Ggms\\Stats',
  34 => 'App\\Entity\\Ggms\\StatsApi',
  35 => 'App\\Entity\\Ggms\\Usuarios',
  36 => 'App\\Entity\\Ggms\\UsuariosBetandeal',
  37 => 'App\\Entity\\Ggms\\UsuariosProyectos',
  38 => 'App\\Entity\\Ggms\\UsuariosTipo',
  39 => 'App\\Entity\\Main\\Ayuda',
  40 => 'App\\Entity\\Main\\Campanias',
  41 => 'App\\Entity\\Main\\CampaniasCodes',
  42 => 'App\\Entity\\Main\\CampaniasCompetidores',
  43 => 'App\\Entity\\Main\\CampaniasContenido',
  44 => 'App\\Entity\\Main\\CampaniasEnlace',
  45 => 'App\\Entity\\Main\\CampaniasEnlaceUsuario',
  46 => 'App\\Entity\\Main\\CampaniasUsuario',
  47 => 'App\\Entity\\Main\\CampaniasUsuarioClicks',
  48 => 'App\\Entity\\Main\\CampaniasVip',
  49 => 'App\\Entity\\Main\\CasasAcuerdosIapuestas',
  50 => 'App\\Entity\\Main\\CasasCompetidores',
  51 => 'App\\Entity\\Main\\CasasCompetidoresComentarios',
  52 => 'App\\Entity\\Main\\CasasDeApuestas',
  53 => 'App\\Entity\\Main\\CasasDeApuestasAcuerdos',
  54 => 'App\\Entity\\Main\\CasasDeApuestasComentarios',
  55 => 'App\\Entity\\Main\\CasasDeApuestasPais',
  56 => 'App\\Entity\\Main\\CasasIapuestas',
  57 => 'App\\Entity\\Main\\Casasapuestasrelaccion',
  58 => 'App\\Entity\\Main\\CategoriasCampania',
  59 => 'App\\Entity\\Main\\ComisionesPendientesCajero',
  60 => 'App\\Entity\\Main\\ConexionesApi',
  61 => 'App\\Entity\\Main\\Country',
  62 => 'App\\Entity\\Main\\CuotasPageUsuario',
  63 => 'App\\Entity\\Main\\CustomLinks',
  64 => 'App\\Entity\\Main\\CustomPages',
  65 => 'App\\Entity\\Main\\CustomTextolanding',
  66 => 'App\\Entity\\Main\\DbVersion',
  67 => 'App\\Entity\\Main\\EstadisticasApi',
  68 => 'App\\Entity\\Main\\EstadisticasPagosInfo',
  69 => 'App\\Entity\\Main\\EstadisticasVisitasInfo',
  70 => 'App\\Entity\\Main\\Facturacion',
  71 => 'App\\Entity\\Main\\FacturacionConsolidada',
  72 => 'App\\Entity\\Main\\FacturacionDatos',
  73 => 'App\\Entity\\Main\\FacturacionDatosBack',
  74 => 'App\\Entity\\Main\\FacturacionEstados',
  75 => 'App\\Entity\\Main\\FacturacionOpciones',
  76 => 'App\\Entity\\Main\\FacturasSimplificadas',
  77 => 'App\\Entity\\Main\\FtAlarmas',
  78 => 'App\\Entity\\Main\\Idiomas',
  79 => 'App\\Entity\\Main\\LoginAdmin',
  80 => 'App\\Entity\\Main\\LoginBookies',
  81 => 'App\\Entity\\Main\\LoginBusiness',
  82 => 'App\\Entity\\Main\\LoginBusinessBack',
  83 => 'App\\Entity\\Main\\MetodosPagos',
  84 => 'App\\Entity\\Main\\MetodosPagosUsuario',
  85 => 'App\\Entity\\Main\\Noticias',
  86 => 'App\\Entity\\Main\\NoticiasPublicas',
  87 => 'App\\Entity\\Main\\PaginasHtmlCasasapuestas',
  88 => 'App\\Entity\\Main\\PasarelaBetandeal',
  89 => 'App\\Entity\\Main\\ResetPasswordRequest',
  90 => 'App\\Entity\\Main\\Soporte',
  91 => 'App\\Entity\\Main\\Sorteos',
  92 => 'App\\Entity\\Main\\UrlsCustomPage',
  93 => 'App\\Entity\\Main\\UsuarioComentarios',
  94 => 'App\\Entity\\Main\\UsuariosAceptarterminos',
  95 => 'App\\Entity\\Main\\UsuariosAfiliados',
  96 => 'App\\Entity\\Main\\UsuariosAfiliadosPagos',
  97 => 'App\\Entity\\Main\\UsuariosAfiliadosPagosPremium',
  98 => 'App\\Entity\\Main\\UsuariosAfiliadosRegistros',
  99 => 'App\\Entity\\Main\\UsuariosAfiliadosSport',
  100 => 'App\\Entity\\Main\\UsuariosAfiliadosSuper',
  101 => 'App\\Entity\\Main\\UsuariosAfiliadosVariables',
  102 => 'App\\Entity\\Main\\UsuariosAfiliadosVisitas',
  103 => 'App\\Entity\\Main\\UsuariosCampaniasMarketing',
  104 => 'App\\Entity\\Main\\UsuariosEnlazados',
  105 => 'App\\Entity\\Main\\UsuariosFuentes',
  106 => 'App\\Entity\\Main\\VersionesIapuestas',
  107 => 'App\\Entity\\Old\\ApiConnections',
  108 => 'App\\Entity\\Old\\Campanias',
  109 => 'App\\Entity\\Old\\CampaniasBonos',
  110 => 'App\\Entity\\Old\\CampaniasCodes',
  111 => 'App\\Entity\\Old\\CampaniasEnlaces',
  112 => 'App\\Entity\\Old\\CampaniasEnlacesPosicion',
  113 => 'App\\Entity\\Old\\CampaniasOld',
  114 => 'App\\Entity\\Old\\CampaniasUsuario',
  115 => 'App\\Entity\\Old\\CampaniasUsuarioClicks',
  116 => 'App\\Entity\\Old\\Casas',
  117 => 'App\\Entity\\Old\\CasasAcuerdos',
  118 => 'App\\Entity\\Old\\CasasAcuerdosOld',
  119 => 'App\\Entity\\Old\\CasasDeApuestasAcuerdosBack',
  120 => 'App\\Entity\\Old\\CasasDeApuestasBack',
  121 => 'App\\Entity\\Old\\CasasOld',
  122 => 'App\\Entity\\Old\\Categorias',
  123 => 'App\\Entity\\Old\\Faqs',
  124 => 'App\\Entity\\Old\\Noticias',
  125 => 'App\\Entity\\Old\\Paises',
  126 => 'App\\Entity\\Old\\Proyectos',
  127 => 'App\\Entity\\Old\\Responsables',
  128 => 'App\\Entity\\Old\\Stats',
  129 => 'App\\Entity\\Old\\StatsApi',
  130 => 'App\\Entity\\Old\\Usuarios',
  131 => 'App\\Entity\\Old\\UsuariosBetandeal',
  132 => 'App\\Entity\\Old\\UsuariosProyectos',
  133 => 'App\\Entity\\Old\\UsuariosTipo',
  134 => 'App\\Entity\\Premiumpay\\AdminUser',
  135 => 'App\\Entity\\Premiumpay\\Country',
  136 => 'App\\Entity\\Premiumpay\\DbVersion',
  137 => 'App\\Entity\\Premiumpay\\DescuentoProducto',
  138 => 'App\\Entity\\Premiumpay\\MetodosPago',
  139 => 'App\\Entity\\Premiumpay\\MovimientoSaldo',
  140 => 'App\\Entity\\Premiumpay\\PasarelaBetandeal',
  141 => 'App\\Entity\\Premiumpay\\PasarelaBetandealPaymentdata',
  142 => 'App\\Entity\\Premiumpay\\PasarelaBetandealPrepaymentdata',
  143 => 'App\\Entity\\Premiumpay\\PasarelaBetandealProducto',
  144 => 'App\\Entity\\Premiumpay\\PaymentsAvailables',
  145 => 'App\\Entity\\Premiumpay\\PaymentsUsers',
  146 => 'App\\Entity\\Premiumpay\\Tarjetas',
  147 => 'App\\Entity\\Premiumpay\\TokenTarjeta',
  148 => 'App\\Entity\\Premiumpay\\User',
  149 => 'App\\Entity\\Premiumpay\\UserPremiumpay',
  150 => 'Doctrine\\Bundle\\DoctrineBundle\\Controller\\ProfilerController',
  151 => 'Doctrine\\ORM\\Cache\\Persister\\Entity\\AbstractEntityPersister',
  152 => 'Doctrine\\ORM\\Cache\\Persister\\Entity\\CachedEntityPersister',
  153 => 'Doctrine\\ORM\\Cache\\Persister\\Entity\\NonStrictReadWriteCachedEntityPersister',
  154 => 'Doctrine\\ORM\\Cache\\Persister\\Entity\\ReadOnlyCachedEntityPersister',
  155 => 'Doctrine\\ORM\\Cache\\Persister\\Entity\\ReadWriteCachedEntityPersister',
  156 => 'Doctrine\\ORM\\Persisters\\Entity\\AbstractEntityInheritancePersister',
  157 => 'Doctrine\\ORM\\Persisters\\Entity\\BasicEntityPersister',
  158 => 'Doctrine\\ORM\\Persisters\\Entity\\CachedPersisterContext',
  159 => 'Doctrine\\ORM\\Persisters\\Entity\\EntityPersister',
  160 => 'Doctrine\\ORM\\Persisters\\Entity\\JoinedSubclassPersister',
  161 => 'Doctrine\\ORM\\Persisters\\Entity\\SingleTablePersister',
  163 => 'Symfony\\Bundle\\FrameworkBundle\\Controller\\ControllerResolver',
  164 => 'Symfony\\Bundle\\FrameworkBundle\\Controller\\RedirectController',
  165 => 'Symfony\\Bundle\\FrameworkBundle\\Controller\\TemplateController',
  166 => 'Symfony\\Bundle\\WebProfilerBundle\\Controller\\ExceptionPanelController',
  167 => 'Symfony\\Bundle\\WebProfilerBundle\\Controller\\ProfilerController',
  168 => 'Symfony\\Bundle\\WebProfilerBundle\\Controller\\RouterController',
  169 => 'Symfony\\Component\\HttpKernel\\Controller\\ArgumentResolver',
  170 => 'Symfony\\Component\\HttpKernel\\Controller\\ArgumentResolverInterface',
  171 => 'Symfony\\Component\\HttpKernel\\Controller\\ArgumentResolver\\DefaultValueResolver',
  172 => 'Symfony\\Component\\HttpKernel\\Controller\\ArgumentResolver\\NotTaggedControllerValueResolver',
  173 => 'Symfony\\Component\\HttpKernel\\Controller\\ArgumentResolver\\RequestAttributeValueResolver',
  174 => 'Symfony\\Component\\HttpKernel\\Controller\\ArgumentResolver\\RequestValueResolver',
  175 => 'Symfony\\Component\\HttpKernel\\Controller\\ArgumentResolver\\ServiceValueResolver',
  176 => 'Symfony\\Component\\HttpKernel\\Controller\\ArgumentResolver\\SessionValueResolver',
  177 => 'Symfony\\Component\\HttpKernel\\Controller\\ArgumentResolver\\TraceableValueResolver',
  178 => 'Symfony\\Component\\HttpKernel\\Controller\\ArgumentResolver\\VariadicValueResolver',
  179 => 'Symfony\\Component\\HttpKernel\\Controller\\ArgumentValueResolverInterface',
  180 => 'Symfony\\Component\\HttpKernel\\Controller\\ContainerControllerResolver',
  181 => 'Symfony\\Component\\HttpKernel\\Controller\\ControllerReference',
  182 => 'Symfony\\Component\\HttpKernel\\Controller\\ControllerResolver',
  183 => 'Symfony\\Component\\HttpKernel\\Controller\\ControllerResolverInterface',
  184 => 'Symfony\\Component\\HttpKernel\\Controller\\ErrorController',
  185 => 'Symfony\\Component\\HttpKernel\\Controller\\TraceableArgumentResolver',
  186 => 'Symfony\\Component\\HttpKernel\\Controller\\TraceableControllerResolver',
  187 => 'Symfony\\Component\\Security\\Http\\Controller\\UserValueResolver',
);